// Jest Snapshot v1, https://goo.gl/fbAQLP

exports[`Braintree Api renders and matches snapshot 1`] = `
<div
  className="payment-fields-wrapper testing-component"
>
  <div
    className="payment-field"
    id="field-wrapper-1"
  />
  <div
    className="payment-field"
    id="field-wrapper-2"
  />
  <div
    className="payment-field"
    id="field-wrapper-3"
  />
  <div
    className="payment-field"
    id="field-wrapper-4"
  />
</div>
`;

exports[`Square Api renders and matches snapshot 1`] = `
<div
  className="payment-fields-wrapper testing-component"
>
  <div
    className="payment-field"
    id="field-wrapper-1"
  />
  <div
    className="payment-field"
    id="field-wrapper-2"
  />
  <div
    className="payment-field"
    id="field-wrapper-3"
  />
  <div
    className="payment-field"
    id="field-wrapper-4"
  />
</div>
`;

exports[`Stripe Api renders and matches snapshot 1`] = `
<div
  className="payment-fields-wrapper testing-component"
>
  <div
    className="payment-field"
    id="field-wrapper-1"
  />
  <div
    className="payment-field"
    id="field-wrapper-2"
  />
  <div
    className="payment-field"
    id="field-wrapper-3"
  />
  <div
    className="payment-field"
    id="field-wrapper-4"
  />
</div>
`;
